INFO  00:13:48,642 - Compiling source file: /home/tamarica/Documents/tamara/velika skola/8 semestar/PP1/projekat/projecat_2019_2020/MJCompiler/test/program8.mj
INFO  00:13:48,666 - #2 program
INFO  00:13:48,666 - #46 test302
INFO  00:13:48,667 - #46 int
INFO  00:13:48,667 - #46 a
INFO  00:13:48,668 - #5 ;
INFO  00:13:48,668 - #7 const
INFO  00:13:48,668 - #46 int
INFO  00:13:48,668 - #46 b
INFO  00:13:48,669 - #23 =
INFO  00:13:48,669 - #47 2
INFO  00:13:48,669 - #5 ;
INFO  00:13:48,670 - #46 char
INFO  00:13:48,670 - #46 ch
INFO  00:13:48,670 - #5 ;
INFO  00:13:48,670 - #3 {
INFO  00:13:48,670 - #10 void
INFO  00:13:48,670 - #46 main
INFO  00:13:48,670 - #12 (
INFO  00:13:48,671 - #11 )
INFO  00:13:48,671 - #3 {
INFO  00:13:48,671 - #46 a
INFO  00:13:48,672 - #23 =
INFO  00:13:48,672 - #47 0
INFO  00:13:48,672 - #5 ;
INFO  00:13:48,673 - #46 ch
INFO  00:13:48,673 - #23 =
INFO  00:13:48,673 - #48 a
INFO  00:13:48,673 - #5 ;
INFO  00:13:48,673 - #46 a
INFO  00:13:48,673 - #22 --
INFO  00:13:48,673 - #5 ;
INFO  00:13:48,673 - #46 b
INFO  00:13:48,673 - #22 --
INFO  00:13:48,673 - #5 ;
INFO  00:13:48,674 - #46 ch
INFO  00:13:48,674 - #22 --
INFO  00:13:48,674 - #5 ;
INFO  00:13:48,674 - #4 }
INFO  00:13:48,674 - #4 }
INFO  00:13:48,678 - ==================SINTAKSNO STABLO==================
INFO  00:13:48,679 - Program(
  ProgName(
   test302
  ) [ProgName]
  DeclarationListDeclaration(
    DeclarationListDeclaration(
      DeclarationListDeclaration(
        NoDeclarationList(
        ) [NoDeclarationList]
        DeclarationListVar(
          VarDeclarationV(
            VarType(
              Type(
               int
              ) [Type]
            ) [VarType]
            VarDecl(
              Ident(
               a
              ) [Ident]
            ) [VarDecl]
          ) [VarDeclarationV]
        ) [DeclarationListVar]
      ) [DeclarationListDeclaration]
      DeclarationListConst(
        ConstDeclarationTypeListSemi(
          VarType(
            Type(
             int
            ) [Type]
          ) [VarType]
          ConstDecl(
            ConstDeclarationActual(
             b
              AssignOp(
              ) [AssignOp]
              NumberConst(
               2
              ) [NumberConst]
            ) [ConstDeclarationActual]
          ) [ConstDecl]
        ) [ConstDeclarationTypeListSemi]
      ) [DeclarationListConst]
    ) [DeclarationListDeclaration]
    DeclarationListVar(
      VarDeclarationV(
        VarType(
          Type(
           char
          ) [Type]
        ) [VarType]
        VarDecl(
          Ident(
           ch
          ) [Ident]
        ) [VarDecl]
      ) [VarDeclarationV]
    ) [DeclarationListVar]
  ) [DeclarationListDeclaration]
  MethodDeclarationListMethod(
    NoMethodDeclarationList(
    ) [NoMethodDeclarationList]
    VoidMethodDeclaration(
      MethodVoidName(
       main
      ) [MethodVoidName]
      MethodDeclarationActual(
        NoFormalParamsList(
        ) [NoFormalParamsList]
        NoDeclarationList(
        ) [NoDeclarationList]
        StatementListStatement(
          StatementListStatement(
            StatementListStatement(
              StatementListStatement(
                StatementListStatement(
                  NoStatementList(
                  ) [NoStatementList]
                  DesignatorStatementStatement(
                    LeftDesignatorAssignExpression(
                      LeftSideAssignVar(
                        DesignatorOnly(
                         a
                        ) [DesignatorOnly]
                      ) [LeftSideAssignVar]
                      AssignOpEqual(
                        AssignOp(
                        ) [AssignOp]
                      ) [AssignOpEqual]
                      ExpressionTermDef(
                        OnlyTerm(
                          TermFactor(
                            FactorConst(
                              NumberConst(
                               0
                              ) [NumberConst]
                            ) [FactorConst]
                          ) [TermFactor]
                        ) [OnlyTerm]
                      ) [ExpressionTermDef]
                    ) [LeftDesignatorAssignExpression]
                  ) [DesignatorStatementStatement]
                ) [StatementListStatement]
                DesignatorStatementStatement(
                  LeftDesignatorAssignExpression(
                    LeftSideAssignVar(
                      DesignatorOnly(
                       ch
                      ) [DesignatorOnly]
                    ) [LeftSideAssignVar]
                    AssignOpEqual(
                      AssignOp(
                      ) [AssignOp]
                    ) [AssignOpEqual]
                    ExpressionTermDef(
                      OnlyTerm(
                        TermFactor(
                          FactorConst(
                            CharConst(
                             a
                            ) [CharConst]
                          ) [FactorConst]
                        ) [TermFactor]
                      ) [OnlyTerm]
                    ) [ExpressionTermDef]
                  ) [LeftDesignatorAssignExpression]
                ) [DesignatorStatementStatement]
              ) [StatementListStatement]
              DesignatorStatementStatement(
                DesignatorStatementDecrement(
                  DesignatorOnly(
                   a
                  ) [DesignatorOnly]
                ) [DesignatorStatementDecrement]
              ) [DesignatorStatementStatement]
            ) [StatementListStatement]
            DesignatorStatementStatement(
              DesignatorStatementDecrement(
                DesignatorOnly(
                 b
                ) [DesignatorOnly]
              ) [DesignatorStatementDecrement]
            ) [DesignatorStatementStatement]
          ) [StatementListStatement]
          DesignatorStatementStatement(
            DesignatorStatementDecrement(
              DesignatorOnly(
               ch
              ) [DesignatorOnly]
            ) [DesignatorStatementDecrement]
          ) [DesignatorStatementStatement]
        ) [StatementListStatement]
      ) [MethodDeclarationActual]
    ) [VoidMethodDeclaration]
  ) [MethodDeclarationListMethod]
) [Program]
INFO  00:13:48,680 - ==================SEMANTICKA OBRADA==================
INFO  00:13:48,683 - Deklarisana promenljiva a(Var a: int, 0, 0 ) na liniji 6
INFO  00:13:48,683 - Deklarisana konstanta b(Con b: int, 2, 0 ) na liniji 7
INFO  00:13:48,683 - Deklarisana promenljiva ch(Var ch: char, 1, 0 ) na liniji 8
INFO  00:13:48,683 - Obradjuje se funkcija main(Meth main: none, 0, 0 ) na liniji 10
INFO  00:13:48,684 - Koriscenje  a(Var a: int, 0, 0 ) na liniji 11
INFO  00:13:48,684 - Koriscenje  ch(Var ch: char, 1, 0 ) na liniji 12
INFO  00:13:48,684 - Koriscenje  a(Var a: int, 0, 0 ) na liniji 13
INFO  00:13:48,684 - Pronadjeno dekrementiranje promenljive a(Var a: int, 0, 0 ) na liniji 13
INFO  00:13:48,684 - Koriscenje  b(Con b: int, 2, 0 ) na liniji 14
INFO  00:13:48,684 - Pronadjeno dekrementiranje promenljive b(Con b: int, 2, 0 ) na liniji 14
INFO  00:13:48,684 - Koriscenje  ch(Var ch: char, 1, 0 ) na liniji 15
ERROR 00:13:48,684 - Greska na liniji 15 : designator ch nije tipa int!
INFO  00:13:48,685 - ==================SEMANTICKA ANALIZA==============
INFO  00:13:48,685 - 1  methods in the program
INFO  00:13:48,685 - 2  global variables
INFO  00:13:48,686 - 1  global constants
INFO  00:13:48,686 - 0  global arrays
INFO  00:13:48,686 - 0  local variables in main
INFO  00:13:48,686 - 5  statements in main
=====================SYMBOL TABLE DUMP=========================
Type int: int, -1, -1 
Type char: char, -1, -1 
Con eol: char, 10, 0 
Con null: Class [], 0, 0 
Meth chr: char, 0, 1 
   Var i: int, 0, 1 

Meth ord: int, 0, 1 
   Var ch: char, 0, 1 

Meth len: int, 0, 1 
   Var arr: Arr of notype, 0, 1 

Type bool: bool, 0, 1 
Prog test302: notype, 0, 1 
   Var a: int, 0, 0 
   Con b: int, 2, 0 
   Var ch: char, 1, 0 
   Meth main: notype, 0, 0 



ERROR 00:13:48,687 - Program nije semanticki ispravan!
