INFO  00:13:50,542 - Compiling source file: /home/tamarica/Documents/tamara/velika skola/8 semestar/PP1/projekat/projecat_2019_2020/MJCompiler/test/program13.mj
INFO  00:13:50,566 - #2 program
INFO  00:13:50,567 - #46 test302
INFO  00:13:50,567 - #46 int
INFO  00:13:50,567 - #46 d
INFO  00:13:50,568 - #5 ;
INFO  00:13:50,568 - #7 const
INFO  00:13:50,568 - #46 char
INFO  00:13:50,568 - #46 c
INFO  00:13:50,569 - #23 =
INFO  00:13:50,569 - #48 a
INFO  00:13:50,569 - #5 ;
INFO  00:13:50,569 - #7 const
INFO  00:13:50,570 - #46 bool
INFO  00:13:50,570 - #46 cond
INFO  00:13:50,570 - #23 =
INFO  00:13:50,570 - #49 1
INFO  00:13:50,570 - #5 ;
INFO  00:13:50,570 - #46 char
INFO  00:13:50,570 - #46 niz1
INFO  00:13:50,570 - #8 [
INFO  00:13:50,570 - #9 ]
INFO  00:13:50,570 - #5 ;
INFO  00:13:50,571 - #46 char
INFO  00:13:50,571 - #46 niz2
INFO  00:13:50,571 - #8 [
INFO  00:13:50,571 - #9 ]
INFO  00:13:50,571 - #5 ;
INFO  00:13:50,571 - #3 {
INFO  00:13:50,571 - #10 void
INFO  00:13:50,571 - #46 func
INFO  00:13:50,571 - #12 (
INFO  00:13:50,572 - #46 int
INFO  00:13:50,572 - #46 a
INFO  00:13:50,572 - #6 ,
INFO  00:13:50,572 - #46 char
INFO  00:13:50,572 - #46 c
INFO  00:13:50,572 - #11 )
INFO  00:13:50,572 - #3 {
INFO  00:13:50,573 - #4 }
INFO  00:13:50,573 - #10 void
INFO  00:13:50,574 - #46 main
INFO  00:13:50,574 - #12 (
INFO  00:13:50,574 - #11 )
INFO  00:13:50,574 - #3 {
INFO  00:13:50,574 - #46 d
INFO  00:13:50,574 - #23 =
INFO  00:13:50,574 - #46 c
INFO  00:13:50,575 - #34 *
INFO  00:13:50,575 - #46 c
INFO  00:13:50,575 - #5 ;
INFO  00:13:50,576 - #46 d
INFO  00:13:50,576 - #23 =
INFO  00:13:50,576 - #49 1
INFO  00:13:50,576 - #34 *
INFO  00:13:50,576 - #47 2
INFO  00:13:50,576 - #5 ;
INFO  00:13:50,577 - #46 d
INFO  00:13:50,577 - #23 =
INFO  00:13:50,577 - #46 niz1
INFO  00:13:50,577 - #8 [
INFO  00:13:50,577 - #47 0
INFO  00:13:50,577 - #9 ]
INFO  00:13:50,577 - #34 *
INFO  00:13:50,578 - #46 niz2
INFO  00:13:50,578 - #8 [
INFO  00:13:50,578 - #47 0
INFO  00:13:50,578 - #9 ]
INFO  00:13:50,578 - #5 ;
INFO  00:13:50,578 - #4 }
INFO  00:13:50,578 - #4 }
INFO  00:13:50,582 - ==================SINTAKSNO STABLO==================
INFO  00:13:50,584 - Program(
  ProgName(
   test302
  ) [ProgName]
  DeclarationListDeclaration(
    DeclarationListDeclaration(
      DeclarationListDeclaration(
        DeclarationListDeclaration(
          DeclarationListDeclaration(
            NoDeclarationList(
            ) [NoDeclarationList]
            DeclarationListVar(
              VarDeclarationV(
                VarType(
                  Type(
                   int
                  ) [Type]
                ) [VarType]
                VarDecl(
                  Ident(
                   d
                  ) [Ident]
                ) [VarDecl]
              ) [VarDeclarationV]
            ) [DeclarationListVar]
          ) [DeclarationListDeclaration]
          DeclarationListConst(
            ConstDeclarationTypeListSemi(
              VarType(
                Type(
                 char
                ) [Type]
              ) [VarType]
              ConstDecl(
                ConstDeclarationActual(
                 c
                  AssignOp(
                  ) [AssignOp]
                  CharConst(
                   a
                  ) [CharConst]
                ) [ConstDeclarationActual]
              ) [ConstDecl]
            ) [ConstDeclarationTypeListSemi]
          ) [DeclarationListConst]
        ) [DeclarationListDeclaration]
        DeclarationListConst(
          ConstDeclarationTypeListSemi(
            VarType(
              Type(
               bool
              ) [Type]
            ) [VarType]
            ConstDecl(
              ConstDeclarationActual(
               cond
                AssignOp(
                ) [AssignOp]
                BoolConst(
                 1
                ) [BoolConst]
              ) [ConstDeclarationActual]
            ) [ConstDecl]
          ) [ConstDeclarationTypeListSemi]
        ) [DeclarationListConst]
      ) [DeclarationListDeclaration]
      DeclarationListVar(
        VarDeclarationV(
          VarType(
            Type(
             char
            ) [Type]
          ) [VarType]
          VarDecl(
            IdentArray(
             niz1
            ) [IdentArray]
          ) [VarDecl]
        ) [VarDeclarationV]
      ) [DeclarationListVar]
    ) [DeclarationListDeclaration]
    DeclarationListVar(
      VarDeclarationV(
        VarType(
          Type(
           char
          ) [Type]
        ) [VarType]
        VarDecl(
          IdentArray(
           niz2
          ) [IdentArray]
        ) [VarDecl]
      ) [VarDeclarationV]
    ) [DeclarationListVar]
  ) [DeclarationListDeclaration]
  MethodDeclarationListMethod(
    MethodDeclarationListMethod(
      NoMethodDeclarationList(
      ) [NoMethodDeclarationList]
      VoidMethodDeclaration(
        MethodVoidName(
         func
        ) [MethodVoidName]
        MethodDeclarationActual(
          FormalParamsList(
            FormalParamListActual(
              FormalParamVar(
                Type(
                 int
                ) [Type]
                Ident(
                 a
                ) [Ident]
              ) [FormalParamVar]
              Type(
               char
              ) [Type]
              Ident(
               c
              ) [Ident]
            ) [FormalParamListActual]
          ) [FormalParamsList]
          NoDeclarationList(
          ) [NoDeclarationList]
          NoStatementList(
          ) [NoStatementList]
        ) [MethodDeclarationActual]
      ) [VoidMethodDeclaration]
    ) [MethodDeclarationListMethod]
    VoidMethodDeclaration(
      MethodVoidName(
       main
      ) [MethodVoidName]
      MethodDeclarationActual(
        NoFormalParamsList(
        ) [NoFormalParamsList]
        NoDeclarationList(
        ) [NoDeclarationList]
        StatementListStatement(
          StatementListStatement(
            StatementListStatement(
              NoStatementList(
              ) [NoStatementList]
              DesignatorStatementStatement(
                LeftDesignatorAssignExpression(
                  LeftSideAssignVar(
                    DesignatorOnly(
                     d
                    ) [DesignatorOnly]
                  ) [LeftSideAssignVar]
                  AssignOpEqual(
                    AssignOp(
                    ) [AssignOp]
                  ) [AssignOpEqual]
                  ExpressionTermDef(
                    OnlyTerm(
                      TermMullOpLeftList(
                        TermFactor(
                          FactorDesignator(
                            DesignatorOnly(
                             c
                            ) [DesignatorOnly]
                          ) [FactorDesignator]
                        ) [TermFactor]
                        MulOpLeftMul(
                        ) [MulOpLeftMul]
                        FactorDesignator(
                          DesignatorOnly(
                           c
                          ) [DesignatorOnly]
                        ) [FactorDesignator]
                      ) [TermMullOpLeftList]
                    ) [OnlyTerm]
                  ) [ExpressionTermDef]
                ) [LeftDesignatorAssignExpression]
              ) [DesignatorStatementStatement]
            ) [StatementListStatement]
            DesignatorStatementStatement(
              LeftDesignatorAssignExpression(
                LeftSideAssignVar(
                  DesignatorOnly(
                   d
                  ) [DesignatorOnly]
                ) [LeftSideAssignVar]
                AssignOpEqual(
                  AssignOp(
                  ) [AssignOp]
                ) [AssignOpEqual]
                ExpressionTermDef(
                  OnlyTerm(
                    TermMullOpLeftList(
                      TermFactor(
                        FactorConst(
                          BoolConst(
                           1
                          ) [BoolConst]
                        ) [FactorConst]
                      ) [TermFactor]
                      MulOpLeftMul(
                      ) [MulOpLeftMul]
                      FactorConst(
                        NumberConst(
                         2
                        ) [NumberConst]
                      ) [FactorConst]
                    ) [TermMullOpLeftList]
                  ) [OnlyTerm]
                ) [ExpressionTermDef]
              ) [LeftDesignatorAssignExpression]
            ) [DesignatorStatementStatement]
          ) [StatementListStatement]
          DesignatorStatementStatement(
            LeftDesignatorAssignExpression(
              LeftSideAssignVar(
                DesignatorOnly(
                 d
                ) [DesignatorOnly]
              ) [LeftSideAssignVar]
              AssignOpEqual(
                AssignOp(
                ) [AssignOp]
              ) [AssignOpEqual]
              ExpressionTermDef(
                OnlyTerm(
                  TermMullOpLeftList(
                    TermFactor(
                      FactorDesignator(
                        DesignatorArray(
                          ArrayAccess(
                           niz1
                          ) [ArrayAccess]
                          ExpressionTermDef(
                            OnlyTerm(
                              TermFactor(
                                FactorConst(
                                  NumberConst(
                                   0
                                  ) [NumberConst]
                                ) [FactorConst]
                              ) [TermFactor]
                            ) [OnlyTerm]
                          ) [ExpressionTermDef]
                        ) [DesignatorArray]
                      ) [FactorDesignator]
                    ) [TermFactor]
                    MulOpLeftMul(
                    ) [MulOpLeftMul]
                    FactorDesignator(
                      DesignatorArray(
                        ArrayAccess(
                         niz2
                        ) [ArrayAccess]
                        ExpressionTermDef(
                          OnlyTerm(
                            TermFactor(
                              FactorConst(
                                NumberConst(
                                 0
                                ) [NumberConst]
                              ) [FactorConst]
                            ) [TermFactor]
                          ) [OnlyTerm]
                        ) [ExpressionTermDef]
                      ) [DesignatorArray]
                    ) [FactorDesignator]
                  ) [TermMullOpLeftList]
                ) [OnlyTerm]
              ) [ExpressionTermDef]
            ) [LeftDesignatorAssignExpression]
          ) [DesignatorStatementStatement]
        ) [StatementListStatement]
      ) [MethodDeclarationActual]
    ) [VoidMethodDeclaration]
  ) [MethodDeclarationListMethod]
) [Program]
INFO  00:13:50,585 - ==================SEMANTICKA OBRADA==================
INFO  00:13:50,587 - Deklarisana promenljiva d(Var d: int, 0, 0 ) na liniji 5
INFO  00:13:50,587 - Deklarisana konstanta c(Con c: char, 97, 0 ) na liniji 6
ERROR 00:13:50,588 - Tip identifikatora konstante i tip izraza koji se dodeljuje se ne poklapaju
INFO  00:13:50,588 - Deklarisana konstanta cond(Con cond: bool , 1, 0 ) na liniji 7
INFO  00:13:50,588 - Deklarisan niz niz1(Var niz1: array, 1, 0 ) na liniji 8
INFO  00:13:50,588 - Deklarisan niz niz2(Var niz2: array, 2, 0 ) na liniji 9
INFO  00:13:50,588 - Obradjuje se funkcija func(Meth func: none, 0, 0 ) na liniji 11
INFO  00:13:50,588 - Obradjuje se funkcija main(Meth main: none, 0, 0 ) na liniji 15
INFO  00:13:50,588 - Koriscenje  d(Var d: int, 0, 0 ) na liniji 16
INFO  00:13:50,588 - Koriscenje  c(Con c: char, 97, 0 ) na liniji 16
INFO  00:13:50,588 - Koriscenje  c(Con c: char, 97, 0 ) na liniji 16
ERROR 00:13:50,588 - Greska na liniji 16 : nekompatibilni tipovi u izrazu za mnozenje.
ERROR 00:13:50,588 - Greska na liniji 16 : nije moguca dodela2!
INFO  00:13:50,588 - Koriscenje  d(Var d: int, 0, 0 ) na liniji 17
ERROR 00:13:50,589 - Greska na liniji 17 : nekompatibilni tipovi u izrazu za mnozenje.
ERROR 00:13:50,589 - Greska na liniji 17 : nije moguca dodela2!
INFO  00:13:50,589 - Koriscenje  d(Var d: int, 0, 0 ) na liniji 18
INFO  00:13:50,589 - Koriscenje elementa niza niz1(Var niz1: array, 1, 0 ) na liniji 18
INFO  00:13:50,589 - Koriscenje elementa niza niz2(Var niz2: array, 2, 0 ) na liniji 18
ERROR 00:13:50,589 - Greska na liniji 18 : nekompatibilni tipovi u izrazu za mnozenje.
ERROR 00:13:50,589 - Greska na liniji 18 : nije moguca dodela2!
INFO  00:13:50,589 - ==================SEMANTICKA ANALIZA==============
INFO  00:13:50,590 - 2  methods in the program
INFO  00:13:50,590 - 1  global variables
INFO  00:13:50,590 - 2  global constants
INFO  00:13:50,590 - 2  global arrays
INFO  00:13:50,590 - 0  local variables in main
INFO  00:13:50,590 - 3  statements in main
=====================SYMBOL TABLE DUMP=========================
Type int: int, -1, -1 
Type char: char, -1, -1 
Con eol: char, 10, 0 
Con null: Class [], 0, 0 
Meth chr: char, 0, 1 
   Var i: int, 0, 1 

Meth ord: int, 0, 1 
   Var ch: char, 0, 1 

Meth len: int, 0, 1 
   Var arr: Arr of notype, 0, 1 

Type bool: bool, 0, 1 
Prog test302: notype, 0, 1 
   Var d: int, 0, 0 
   Con c: char, 97, 0 
   Con cond: bool, 1, 0 
   Var niz1: Arr of char, 1, 0 
   Var niz2: Arr of char, 2, 0 
   Meth func: notype, 0, 1 

   Meth main: notype, 0, 0 



ERROR 00:13:50,591 - Program nije semanticki ispravan!
