INFO  00:13:47,111 - Compiling source file: /home/tamarica/Documents/tamara/velika skola/8 semestar/PP1/projekat/projecat_2019_2020/MJCompiler/test/program3.mj
INFO  00:13:47,135 - #2 program
INFO  00:13:47,135 - #46 test302
INFO  00:13:47,135 - #46 int
INFO  00:13:47,135 - #46 aa
INFO  00:13:47,136 - #6 ,
INFO  00:13:47,136 - #46 c
INFO  00:13:47,136 - #5 ;
INFO  00:13:47,136 - #3 {
INFO  00:13:47,137 - #10 void
INFO  00:13:47,137 - #46 main
INFO  00:13:47,137 - #12 (
INFO  00:13:47,137 - #11 )
INFO  00:13:47,138 - #46 int
INFO  00:13:47,138 - #46 b
INFO  00:13:47,138 - #5 ;
INFO  00:13:47,138 - #47 123
ERROR 00:13:47,138 - 
Sintaksna greska na liniji 6
INFO  00:13:47,138 - #5 ;
INFO  00:13:47,138 - #3 {
INFO  00:13:47,138 - #46 aa
INFO  00:13:47,139 - #23 =
ERROR 00:13:47,139 - Uspesan oporavak od greske na liniji 6 pri deklarisanju varijable do , ili ;
INFO  00:13:47,140 - #47 5
INFO  00:13:47,140 - #32 +
INFO  00:13:47,140 - #47 6
INFO  00:13:47,141 - #5 ;
INFO  00:13:47,141 - #4 }
INFO  00:13:47,142 - #4 }
ERROR 00:13:47,143 - Parsiranje NIJE uspesno zavrseno!
