INFO  00:13:50,847 - Compiling source file: /home/tamarica/Documents/tamara/velika skola/8 semestar/PP1/projekat/projecat_2019_2020/MJCompiler/test/program14.mj
INFO  00:13:50,871 - #2 program
INFO  00:13:50,871 - #46 test302
INFO  00:13:50,871 - #46 int
INFO  00:13:50,872 - #46 d
INFO  00:13:50,872 - #5 ;
INFO  00:13:50,873 - #7 const
INFO  00:13:50,873 - #46 char
INFO  00:13:50,873 - #46 c
INFO  00:13:50,873 - #23 =
INFO  00:13:50,873 - #48 a
INFO  00:13:50,874 - #5 ;
INFO  00:13:50,874 - #7 const
INFO  00:13:50,875 - #46 bool
INFO  00:13:50,875 - #46 cond
INFO  00:13:50,875 - #23 =
INFO  00:13:50,875 - #49 1
INFO  00:13:50,875 - #5 ;
INFO  00:13:50,876 - #46 char
INFO  00:13:50,876 - #46 niz1
INFO  00:13:50,876 - #8 [
INFO  00:13:50,876 - #9 ]
INFO  00:13:50,876 - #5 ;
INFO  00:13:50,876 - #46 char
INFO  00:13:50,876 - #46 niz2
INFO  00:13:50,876 - #8 [
INFO  00:13:50,876 - #9 ]
INFO  00:13:50,876 - #5 ;
INFO  00:13:50,876 - #3 {
INFO  00:13:50,877 - #10 void
INFO  00:13:50,877 - #46 func
INFO  00:13:50,877 - #12 (
INFO  00:13:50,878 - #46 int
INFO  00:13:50,878 - #46 a
INFO  00:13:50,878 - #6 ,
INFO  00:13:50,878 - #46 char
INFO  00:13:50,878 - #46 c
INFO  00:13:50,878 - #11 )
INFO  00:13:50,878 - #3 {
INFO  00:13:50,878 - #4 }
INFO  00:13:50,879 - #10 void
INFO  00:13:50,879 - #46 main
INFO  00:13:50,880 - #12 (
INFO  00:13:50,880 - #11 )
INFO  00:13:50,880 - #3 {
INFO  00:13:50,880 - #46 niz1
INFO  00:13:50,880 - #23 =
INFO  00:13:50,880 - #36 new
INFO  00:13:50,880 - #46 char
INFO  00:13:50,881 - #8 [
INFO  00:13:50,881 - #49 1
INFO  00:13:50,881 - #9 ]
INFO  00:13:50,881 - #5 ;
INFO  00:13:50,881 - #46 niz1
INFO  00:13:50,882 - #23 =
INFO  00:13:50,882 - #36 new
INFO  00:13:50,882 - #46 char
INFO  00:13:50,882 - #8 [
INFO  00:13:50,882 - #48 c
INFO  00:13:50,882 - #9 ]
INFO  00:13:50,882 - #5 ;
INFO  00:13:50,882 - #46 niz1
INFO  00:13:50,882 - #23 =
INFO  00:13:50,882 - #36 new
INFO  00:13:50,882 - #46 char
INFO  00:13:50,882 - #8 [
INFO  00:13:50,883 - #47 5
INFO  00:13:50,883 - #32 +
INFO  00:13:50,883 - #47 3
INFO  00:13:50,883 - #32 +
INFO  00:13:50,883 - #47 2
INFO  00:13:50,884 - #9 ]
INFO  00:13:50,884 - #5 ;
INFO  00:13:50,884 - #4 }
INFO  00:13:50,884 - #4 }
INFO  00:13:50,888 - ==================SINTAKSNO STABLO==================
INFO  00:13:50,889 - Program(
  ProgName(
   test302
  ) [ProgName]
  DeclarationListDeclaration(
    DeclarationListDeclaration(
      DeclarationListDeclaration(
        DeclarationListDeclaration(
          DeclarationListDeclaration(
            NoDeclarationList(
            ) [NoDeclarationList]
            DeclarationListVar(
              VarDeclarationV(
                VarType(
                  Type(
                   int
                  ) [Type]
                ) [VarType]
                VarDecl(
                  Ident(
                   d
                  ) [Ident]
                ) [VarDecl]
              ) [VarDeclarationV]
            ) [DeclarationListVar]
          ) [DeclarationListDeclaration]
          DeclarationListConst(
            ConstDeclarationTypeListSemi(
              VarType(
                Type(
                 char
                ) [Type]
              ) [VarType]
              ConstDecl(
                ConstDeclarationActual(
                 c
                  AssignOp(
                  ) [AssignOp]
                  CharConst(
                   a
                  ) [CharConst]
                ) [ConstDeclarationActual]
              ) [ConstDecl]
            ) [ConstDeclarationTypeListSemi]
          ) [DeclarationListConst]
        ) [DeclarationListDeclaration]
        DeclarationListConst(
          ConstDeclarationTypeListSemi(
            VarType(
              Type(
               bool
              ) [Type]
            ) [VarType]
            ConstDecl(
              ConstDeclarationActual(
               cond
                AssignOp(
                ) [AssignOp]
                BoolConst(
                 1
                ) [BoolConst]
              ) [ConstDeclarationActual]
            ) [ConstDecl]
          ) [ConstDeclarationTypeListSemi]
        ) [DeclarationListConst]
      ) [DeclarationListDeclaration]
      DeclarationListVar(
        VarDeclarationV(
          VarType(
            Type(
             char
            ) [Type]
          ) [VarType]
          VarDecl(
            IdentArray(
             niz1
            ) [IdentArray]
          ) [VarDecl]
        ) [VarDeclarationV]
      ) [DeclarationListVar]
    ) [DeclarationListDeclaration]
    DeclarationListVar(
      VarDeclarationV(
        VarType(
          Type(
           char
          ) [Type]
        ) [VarType]
        VarDecl(
          IdentArray(
           niz2
          ) [IdentArray]
        ) [VarDecl]
      ) [VarDeclarationV]
    ) [DeclarationListVar]
  ) [DeclarationListDeclaration]
  MethodDeclarationListMethod(
    MethodDeclarationListMethod(
      NoMethodDeclarationList(
      ) [NoMethodDeclarationList]
      VoidMethodDeclaration(
        MethodVoidName(
         func
        ) [MethodVoidName]
        MethodDeclarationActual(
          FormalParamsList(
            FormalParamListActual(
              FormalParamVar(
                Type(
                 int
                ) [Type]
                Ident(
                 a
                ) [Ident]
              ) [FormalParamVar]
              Type(
               char
              ) [Type]
              Ident(
               c
              ) [Ident]
            ) [FormalParamListActual]
          ) [FormalParamsList]
          NoDeclarationList(
          ) [NoDeclarationList]
          NoStatementList(
          ) [NoStatementList]
        ) [MethodDeclarationActual]
      ) [VoidMethodDeclaration]
    ) [MethodDeclarationListMethod]
    VoidMethodDeclaration(
      MethodVoidName(
       main
      ) [MethodVoidName]
      MethodDeclarationActual(
        NoFormalParamsList(
        ) [NoFormalParamsList]
        NoDeclarationList(
        ) [NoDeclarationList]
        StatementListStatement(
          StatementListStatement(
            StatementListStatement(
              NoStatementList(
              ) [NoStatementList]
              DesignatorStatementStatement(
                LeftDesignatorAssignExpression(
                  LeftSideAssignVar(
                    DesignatorOnly(
                     niz1
                    ) [DesignatorOnly]
                  ) [LeftSideAssignVar]
                  AssignOpEqual(
                    AssignOp(
                    ) [AssignOp]
                  ) [AssignOpEqual]
                  ExpressionTermDef(
                    OnlyTerm(
                      TermFactor(
                        FactorNewTypeExpression(
                          Type(
                           char
                          ) [Type]
                          ExpressionTermDef(
                            OnlyTerm(
                              TermFactor(
                                FactorConst(
                                  BoolConst(
                                   1
                                  ) [BoolConst]
                                ) [FactorConst]
                              ) [TermFactor]
                            ) [OnlyTerm]
                          ) [ExpressionTermDef]
                        ) [FactorNewTypeExpression]
                      ) [TermFactor]
                    ) [OnlyTerm]
                  ) [ExpressionTermDef]
                ) [LeftDesignatorAssignExpression]
              ) [DesignatorStatementStatement]
            ) [StatementListStatement]
            DesignatorStatementStatement(
              LeftDesignatorAssignExpression(
                LeftSideAssignVar(
                  DesignatorOnly(
                   niz1
                  ) [DesignatorOnly]
                ) [LeftSideAssignVar]
                AssignOpEqual(
                  AssignOp(
                  ) [AssignOp]
                ) [AssignOpEqual]
                ExpressionTermDef(
                  OnlyTerm(
                    TermFactor(
                      FactorNewTypeExpression(
                        Type(
                         char
                        ) [Type]
                        ExpressionTermDef(
                          OnlyTerm(
                            TermFactor(
                              FactorConst(
                                CharConst(
                                 c
                                ) [CharConst]
                              ) [FactorConst]
                            ) [TermFactor]
                          ) [OnlyTerm]
                        ) [ExpressionTermDef]
                      ) [FactorNewTypeExpression]
                    ) [TermFactor]
                  ) [OnlyTerm]
                ) [ExpressionTermDef]
              ) [LeftDesignatorAssignExpression]
            ) [DesignatorStatementStatement]
          ) [StatementListStatement]
          DesignatorStatementStatement(
            LeftDesignatorAssignExpression(
              LeftSideAssignVar(
                DesignatorOnly(
                 niz1
                ) [DesignatorOnly]
              ) [LeftSideAssignVar]
              AssignOpEqual(
                AssignOp(
                ) [AssignOp]
              ) [AssignOpEqual]
              ExpressionTermDef(
                OnlyTerm(
                  TermFactor(
                    FactorNewTypeExpression(
                      Type(
                       char
                      ) [Type]
                      ExpressionAddopLeftList(
                        ExpressionAddopLeftList(
                          ExpressionTermDef(
                            OnlyTerm(
                              TermFactor(
                                FactorConst(
                                  NumberConst(
                                   5
                                  ) [NumberConst]
                                ) [FactorConst]
                              ) [TermFactor]
                            ) [OnlyTerm]
                          ) [ExpressionTermDef]
                          AddOpLeftPlus(
                          ) [AddOpLeftPlus]
                          TermFactor(
                            FactorConst(
                              NumberConst(
                               3
                              ) [NumberConst]
                            ) [FactorConst]
                          ) [TermFactor]
                        ) [ExpressionAddopLeftList]
                        AddOpLeftPlus(
                        ) [AddOpLeftPlus]
                        TermFactor(
                          FactorConst(
                            NumberConst(
                             2
                            ) [NumberConst]
                          ) [FactorConst]
                        ) [TermFactor]
                      ) [ExpressionAddopLeftList]
                    ) [FactorNewTypeExpression]
                  ) [TermFactor]
                ) [OnlyTerm]
              ) [ExpressionTermDef]
            ) [LeftDesignatorAssignExpression]
          ) [DesignatorStatementStatement]
        ) [StatementListStatement]
      ) [MethodDeclarationActual]
    ) [VoidMethodDeclaration]
  ) [MethodDeclarationListMethod]
) [Program]
INFO  00:13:50,889 - ==================SEMANTICKA OBRADA==================
INFO  00:13:50,892 - Deklarisana promenljiva d(Var d: int, 0, 0 ) na liniji 5
INFO  00:13:50,892 - Deklarisana konstanta c(Con c: char, 97, 0 ) na liniji 6
ERROR 00:13:50,892 - Tip identifikatora konstante i tip izraza koji se dodeljuje se ne poklapaju
INFO  00:13:50,892 - Deklarisana konstanta cond(Con cond: bool , 1, 0 ) na liniji 7
INFO  00:13:50,892 - Deklarisan niz niz1(Var niz1: array, 1, 0 ) na liniji 8
INFO  00:13:50,892 - Deklarisan niz niz2(Var niz2: array, 2, 0 ) na liniji 9
INFO  00:13:50,892 - Obradjuje se funkcija func(Meth func: none, 0, 0 ) na liniji 11
INFO  00:13:50,892 - Obradjuje se funkcija main(Meth main: none, 0, 0 ) na liniji 15
INFO  00:13:50,893 - Koriscenje  niz1(Var niz1: array, 1, 0 ) na liniji 16
ERROR 00:13:50,893 - Greska na liniji 16 : izraz izmedju [] mora biti tipa int.
INFO  00:13:50,893 - Koriscenje  niz1(Var niz1: array, 1, 0 ) na liniji 17
ERROR 00:13:50,893 - Greska na liniji 17 : izraz izmedju [] mora biti tipa int.
INFO  00:13:50,893 - Koriscenje  niz1(Var niz1: array, 1, 0 ) na liniji 18
INFO  00:13:50,893 - ==================SEMANTICKA ANALIZA==============
INFO  00:13:50,894 - 2  methods in the program
INFO  00:13:50,894 - 1  global variables
INFO  00:13:50,894 - 2  global constants
INFO  00:13:50,894 - 2  global arrays
INFO  00:13:50,894 - 0  local variables in main
INFO  00:13:50,894 - 3  statements in main
=====================SYMBOL TABLE DUMP=========================
Type int: int, -1, -1 
Type char: char, -1, -1 
Con eol: char, 10, 0 
Con null: Class [], 0, 0 
Meth chr: char, 0, 1 
   Var i: int, 0, 1 

Meth ord: int, 0, 1 
   Var ch: char, 0, 1 

Meth len: int, 0, 1 
   Var arr: Arr of notype, 0, 1 

Type bool: bool, 0, 1 
Prog test302: notype, 0, 1 
   Var d: int, 0, 0 
   Con c: char, 97, 0 
   Con cond: bool, 1, 0 
   Var niz1: Arr of char, 1, 0 
   Var niz2: Arr of char, 2, 0 
   Meth func: notype, 0, 1 

   Meth main: notype, 0, 0 



ERROR 00:13:50,895 - Program nije semanticki ispravan!
