INFO  00:13:47,697 - Compiling source file: /home/tamarica/Documents/tamara/velika skola/8 semestar/PP1/projekat/projecat_2019_2020/MJCompiler/test/program5.mj
INFO  00:13:47,721 - #2 program
INFO  00:13:47,721 - #46 test302
INFO  00:13:47,721 - #46 int
INFO  00:13:47,722 - #46 niz
INFO  00:13:47,722 - #8 [
INFO  00:13:47,723 - #9 ]
INFO  00:13:47,723 - #5 ;
INFO  00:13:47,723 - #3 {
INFO  00:13:47,723 - #10 void
INFO  00:13:47,723 - #46 main
INFO  00:13:47,724 - #12 (
INFO  00:13:47,724 - #11 )
INFO  00:13:47,724 - #3 {
INFO  00:13:47,724 - #46 int
INFO  00:13:47,725 - #23 =
INFO  00:13:47,725 - #46 bla
INFO  00:13:47,725 - #5 ;
INFO  00:13:47,726 - #4 }
INFO  00:13:47,726 - #4 }
INFO  00:13:47,731 - ==================SINTAKSNO STABLO==================
INFO  00:13:47,732 - Program(
  ProgName(
   test302
  ) [ProgName]
  DeclarationListDeclaration(
    NoDeclarationList(
    ) [NoDeclarationList]
    DeclarationListVar(
      VarDeclarationV(
        VarType(
          Type(
           int
          ) [Type]
        ) [VarType]
        VarDecl(
          IdentArray(
           niz
          ) [IdentArray]
        ) [VarDecl]
      ) [VarDeclarationV]
    ) [DeclarationListVar]
  ) [DeclarationListDeclaration]
  MethodDeclarationListMethod(
    NoMethodDeclarationList(
    ) [NoMethodDeclarationList]
    VoidMethodDeclaration(
      MethodVoidName(
       main
      ) [MethodVoidName]
      MethodDeclarationActual(
        NoFormalParamsList(
        ) [NoFormalParamsList]
        NoDeclarationList(
        ) [NoDeclarationList]
        StatementListStatement(
          NoStatementList(
          ) [NoStatementList]
          DesignatorStatementStatement(
            LeftDesignatorAssignExpression(
              LeftSideAssignVar(
                DesignatorOnly(
                 int
                ) [DesignatorOnly]
              ) [LeftSideAssignVar]
              AssignOpEqual(
                AssignOp(
                ) [AssignOp]
              ) [AssignOpEqual]
              ExpressionTermDef(
                OnlyTerm(
                  TermFactor(
                    FactorDesignator(
                      DesignatorOnly(
                       bla
                      ) [DesignatorOnly]
                    ) [FactorDesignator]
                  ) [TermFactor]
                ) [OnlyTerm]
              ) [ExpressionTermDef]
            ) [LeftDesignatorAssignExpression]
          ) [DesignatorStatementStatement]
        ) [StatementListStatement]
      ) [MethodDeclarationActual]
    ) [VoidMethodDeclaration]
  ) [MethodDeclarationListMethod]
) [Program]
INFO  00:13:47,732 - ==================SEMANTICKA OBRADA==================
INFO  00:13:47,734 - Deklarisan niz niz(Var niz: array, 0, 0 ) na liniji 5
INFO  00:13:47,735 - Obradjuje se funkcija main(Meth main: none, 0, 0 ) na liniji 7
INFO  00:13:47,735 - Koriscenje  int(int: int, -1, -1 ) na liniji 8
ERROR 00:13:47,735 - Greska na liniji 8 : nije moguca dodela necemusto nije varijabla ili element niza!
ERROR 00:13:47,735 - Greska na liniji 8 : ime bla nije deklarisano! 
INFO  00:13:47,735 - Koriscenje  bla(Var noObj: none, -1, -1 ) na liniji 8
ERROR 00:13:47,735 - Greska na liniji 8 : nije moguca dodela2!
INFO  00:13:47,735 - ==================SEMANTICKA ANALIZA==============
INFO  00:13:47,736 - 1  methods in the program
INFO  00:13:47,736 - 0  global variables
INFO  00:13:47,736 - 0  global constants
INFO  00:13:47,736 - 1  global arrays
INFO  00:13:47,736 - 0  local variables in main
INFO  00:13:47,736 - 1  statements in main
=====================SYMBOL TABLE DUMP=========================
Type int: int, -1, -1 
Type char: char, -1, -1 
Con eol: char, 10, 0 
Con null: Class [], 0, 0 
Meth chr: char, 0, 1 
   Var i: int, 0, 1 

Meth ord: int, 0, 1 
   Var ch: char, 0, 1 

Meth len: int, 0, 1 
   Var arr: Arr of notype, 0, 1 

Type bool: bool, 0, 1 
Prog test302: notype, 0, 1 
   Var niz: Arr of int, 0, 0 
   Meth main: notype, 0, 0 



ERROR 00:13:47,737 - Program nije semanticki ispravan!
