INFO  00:13:46,815 - Compiling source file: /home/tamarica/Documents/tamara/velika skola/8 semestar/PP1/projekat/projecat_2019_2020/MJCompiler/test/program2.mj
INFO  00:13:46,839 - #2 program
INFO  00:13:46,839 - #46 test302
INFO  00:13:46,839 - #46 int
INFO  00:13:46,840 - #46 aa
INFO  00:13:46,841 - #6 ,
INFO  00:13:46,841 - #46 c
INFO  00:13:46,841 - #5 ;
INFO  00:13:46,841 - #3 {
INFO  00:13:46,841 - #10 void
INFO  00:13:46,842 - #46 main
INFO  00:13:46,842 - #12 (
INFO  00:13:46,842 - #11 )
INFO  00:13:46,842 - #3 {
INFO  00:13:46,843 - #46 aa
INFO  00:13:46,843 - #23 =
INFO  00:13:46,843 - #47 5
INFO  00:13:46,844 - #32 +
INFO  00:13:46,844 - #5 ;
ERROR 00:13:46,844 - 
Sintaksna greska na liniji 7
INFO  00:13:46,844 - #4 }
INFO  00:13:46,844 - #4 }
ERROR 00:13:46,845 - Uspesan oporavak od greske pri dodeli na liniji 13, do ; 
ERROR 00:13:46,846 - Parsiranje NIJE uspesno zavrseno!
