INFO  01:15:57,185 - Compiling source file: /home/tamarica/Documents/tamara/velika skola/8 semestar/PP1/projekat/projecat_2019_2020/MJCompiler/test/program14.mj
INFO  01:15:57,209 - #2 program
INFO  01:15:57,209 - #46 test302
INFO  01:15:57,209 - #46 int
INFO  01:15:57,209 - #46 d
INFO  01:15:57,210 - #5 ;
INFO  01:15:57,210 - #7 const
INFO  01:15:57,211 - #46 char
INFO  01:15:57,211 - #46 c
INFO  01:15:57,211 - #23 =
INFO  01:15:57,211 - #48 a
INFO  01:15:57,211 - #5 ;
INFO  01:15:57,212 - #7 const
INFO  01:15:57,212 - #46 bool
INFO  01:15:57,212 - #46 cond
INFO  01:15:57,212 - #23 =
INFO  01:15:57,212 - #49 1
INFO  01:15:57,212 - #5 ;
INFO  01:15:57,212 - #46 char
INFO  01:15:57,212 - #46 niz1
INFO  01:15:57,213 - #8 [
INFO  01:15:57,213 - #9 ]
INFO  01:15:57,213 - #5 ;
INFO  01:15:57,213 - #46 char
INFO  01:15:57,213 - #46 niz2
INFO  01:15:57,213 - #8 [
INFO  01:15:57,213 - #9 ]
INFO  01:15:57,213 - #5 ;
INFO  01:15:57,213 - #3 {
INFO  01:15:57,213 - #10 void
INFO  01:15:57,214 - #46 func
INFO  01:15:57,214 - #12 (
INFO  01:15:57,214 - #46 int
INFO  01:15:57,214 - #46 a
INFO  01:15:57,214 - #6 ,
INFO  01:15:57,214 - #46 char
INFO  01:15:57,214 - #46 c
INFO  01:15:57,214 - #11 )
INFO  01:15:57,215 - #3 {
INFO  01:15:57,215 - #4 }
INFO  01:15:57,215 - #10 void
INFO  01:15:57,216 - #46 main
INFO  01:15:57,216 - #12 (
INFO  01:15:57,216 - #11 )
INFO  01:15:57,216 - #3 {
INFO  01:15:57,217 - #46 niz1
INFO  01:15:57,217 - #23 =
INFO  01:15:57,217 - #36 new
INFO  01:15:57,217 - #46 char
INFO  01:15:57,217 - #8 [
INFO  01:15:57,217 - #49 1
INFO  01:15:57,217 - #9 ]
INFO  01:15:57,218 - #5 ;
INFO  01:15:57,218 - #46 niz1
INFO  01:15:57,218 - #23 =
INFO  01:15:57,218 - #36 new
INFO  01:15:57,218 - #46 char
INFO  01:15:57,218 - #8 [
INFO  01:15:57,219 - #48 c
INFO  01:15:57,219 - #9 ]
INFO  01:15:57,219 - #5 ;
INFO  01:15:57,219 - #46 niz1
INFO  01:15:57,219 - #23 =
INFO  01:15:57,219 - #36 new
INFO  01:15:57,219 - #46 char
INFO  01:15:57,219 - #8 [
INFO  01:15:57,219 - #47 5
INFO  01:15:57,219 - #32 +
INFO  01:15:57,219 - #47 3
INFO  01:15:57,220 - #32 +
INFO  01:15:57,220 - #47 2
INFO  01:15:57,220 - #9 ]
INFO  01:15:57,220 - #5 ;
INFO  01:15:57,220 - #4 }
INFO  01:15:57,220 - #4 }
INFO  01:15:57,224 - ==================SINTAKSNO STABLO==================
INFO  01:15:57,225 - Program(
  ProgName(
   test302
  ) [ProgName]
  DeclarationListDeclaration(
    DeclarationListDeclaration(
      DeclarationListDeclaration(
        DeclarationListDeclaration(
          DeclarationListDeclaration(
            NoDeclarationList(
            ) [NoDeclarationList]
            DeclarationListVar(
              VarDeclarationV(
                VarType(
                  Type(
                   int
                  ) [Type]
                ) [VarType]
                VarDecl(
                  Ident(
                   d
                  ) [Ident]
                ) [VarDecl]
              ) [VarDeclarationV]
            ) [DeclarationListVar]
          ) [DeclarationListDeclaration]
          DeclarationListConst(
            ConstDeclarationTypeListSemi(
              VarType(
                Type(
                 char
                ) [Type]
              ) [VarType]
              ConstDecl(
                ConstDeclarationActual(
                 c
                  AssignOp(
                  ) [AssignOp]
                  CharConst(
                   a
                  ) [CharConst]
                ) [ConstDeclarationActual]
              ) [ConstDecl]
            ) [ConstDeclarationTypeListSemi]
          ) [DeclarationListConst]
        ) [DeclarationListDeclaration]
        DeclarationListConst(
          ConstDeclarationTypeListSemi(
            VarType(
              Type(
               bool
              ) [Type]
            ) [VarType]
            ConstDecl(
              ConstDeclarationActual(
               cond
                AssignOp(
                ) [AssignOp]
                BoolConst(
                 1
                ) [BoolConst]
              ) [ConstDeclarationActual]
            ) [ConstDecl]
          ) [ConstDeclarationTypeListSemi]
        ) [DeclarationListConst]
      ) [DeclarationListDeclaration]
      DeclarationListVar(
        VarDeclarationV(
          VarType(
            Type(
             char
            ) [Type]
          ) [VarType]
          VarDecl(
            IdentArray(
             niz1
            ) [IdentArray]
          ) [VarDecl]
        ) [VarDeclarationV]
      ) [DeclarationListVar]
    ) [DeclarationListDeclaration]
    DeclarationListVar(
      VarDeclarationV(
        VarType(
          Type(
           char
          ) [Type]
        ) [VarType]
        VarDecl(
          IdentArray(
           niz2
          ) [IdentArray]
        ) [VarDecl]
      ) [VarDeclarationV]
    ) [DeclarationListVar]
  ) [DeclarationListDeclaration]
  MethodDeclarationListMethod(
    MethodDeclarationListMethod(
      NoMethodDeclarationList(
      ) [NoMethodDeclarationList]
      VoidMethodDeclaration(
        MethodVoidName(
         func
        ) [MethodVoidName]
        MethodDeclarationActual(
          FormalParamsList(
            FormalParamListActual(
              FormalParamVar(
                Type(
                 int
                ) [Type]
                Ident(
                 a
                ) [Ident]
              ) [FormalParamVar]
              Type(
               char
              ) [Type]
              Ident(
               c
              ) [Ident]
            ) [FormalParamListActual]
          ) [FormalParamsList]
          NoDeclarationList(
          ) [NoDeclarationList]
          NoStatementList(
          ) [NoStatementList]
        ) [MethodDeclarationActual]
      ) [VoidMethodDeclaration]
    ) [MethodDeclarationListMethod]
    VoidMethodDeclaration(
      MethodVoidName(
       main
      ) [MethodVoidName]
      MethodDeclarationActual(
        NoFormalParamsList(
        ) [NoFormalParamsList]
        NoDeclarationList(
        ) [NoDeclarationList]
        StatementListStatement(
          StatementListStatement(
            StatementListStatement(
              NoStatementList(
              ) [NoStatementList]
              DesignatorStatementStatement(
                LeftDesignatorAssignExpression(
                  LeftSideAssignVar(
                    DesignatorOnly(
                     niz1
                    ) [DesignatorOnly]
                  ) [LeftSideAssignVar]
                  AssignOpEqual(
                    AssignOp(
                    ) [AssignOp]
                  ) [AssignOpEqual]
                  ExpressionTermDef(
                    OnlyTerm(
                      TermFactor(
                        FactorNewTypeExpression(
                          Type(
                           char
                          ) [Type]
                          ExpressionTermDef(
                            OnlyTerm(
                              TermFactor(
                                FactorConst(
                                  BoolConst(
                                   1
                                  ) [BoolConst]
                                ) [FactorConst]
                              ) [TermFactor]
                            ) [OnlyTerm]
                          ) [ExpressionTermDef]
                        ) [FactorNewTypeExpression]
                      ) [TermFactor]
                    ) [OnlyTerm]
                  ) [ExpressionTermDef]
                ) [LeftDesignatorAssignExpression]
              ) [DesignatorStatementStatement]
            ) [StatementListStatement]
            DesignatorStatementStatement(
              LeftDesignatorAssignExpression(
                LeftSideAssignVar(
                  DesignatorOnly(
                   niz1
                  ) [DesignatorOnly]
                ) [LeftSideAssignVar]
                AssignOpEqual(
                  AssignOp(
                  ) [AssignOp]
                ) [AssignOpEqual]
                ExpressionTermDef(
                  OnlyTerm(
                    TermFactor(
                      FactorNewTypeExpression(
                        Type(
                         char
                        ) [Type]
                        ExpressionTermDef(
                          OnlyTerm(
                            TermFactor(
                              FactorConst(
                                CharConst(
                                 c
                                ) [CharConst]
                              ) [FactorConst]
                            ) [TermFactor]
                          ) [OnlyTerm]
                        ) [ExpressionTermDef]
                      ) [FactorNewTypeExpression]
                    ) [TermFactor]
                  ) [OnlyTerm]
                ) [ExpressionTermDef]
              ) [LeftDesignatorAssignExpression]
            ) [DesignatorStatementStatement]
          ) [StatementListStatement]
          DesignatorStatementStatement(
            LeftDesignatorAssignExpression(
              LeftSideAssignVar(
                DesignatorOnly(
                 niz1
                ) [DesignatorOnly]
              ) [LeftSideAssignVar]
              AssignOpEqual(
                AssignOp(
                ) [AssignOp]
              ) [AssignOpEqual]
              ExpressionTermDef(
                OnlyTerm(
                  TermFactor(
                    FactorNewTypeExpression(
                      Type(
                       char
                      ) [Type]
                      ExpressionAddopLeftList(
                        ExpressionAddopLeftList(
                          ExpressionTermDef(
                            OnlyTerm(
                              TermFactor(
                                FactorConst(
                                  NumberConst(
                                   5
                                  ) [NumberConst]
                                ) [FactorConst]
                              ) [TermFactor]
                            ) [OnlyTerm]
                          ) [ExpressionTermDef]
                          AddOpLeftPlus(
                          ) [AddOpLeftPlus]
                          TermFactor(
                            FactorConst(
                              NumberConst(
                               3
                              ) [NumberConst]
                            ) [FactorConst]
                          ) [TermFactor]
                        ) [ExpressionAddopLeftList]
                        AddOpLeftPlus(
                        ) [AddOpLeftPlus]
                        TermFactor(
                          FactorConst(
                            NumberConst(
                             2
                            ) [NumberConst]
                          ) [FactorConst]
                        ) [TermFactor]
                      ) [ExpressionAddopLeftList]
                    ) [FactorNewTypeExpression]
                  ) [TermFactor]
                ) [OnlyTerm]
              ) [ExpressionTermDef]
            ) [LeftDesignatorAssignExpression]
          ) [DesignatorStatementStatement]
        ) [StatementListStatement]
      ) [MethodDeclarationActual]
    ) [VoidMethodDeclaration]
  ) [MethodDeclarationListMethod]
) [Program]
INFO  01:15:57,226 - ==================SEMANTICKA OBRADA==================
INFO  01:15:57,228 - Deklarisana promenljiva d(Var d: int, 0, 0 ) na liniji 5
INFO  01:15:57,228 - Deklarisana konstanta c(Con c: char, 97, 0 ) na liniji 6
ERROR 01:15:57,229 - Tip identifikatora konstante i tip izraza koji se dodeljuje se ne poklapaju
INFO  01:15:57,229 - Deklarisana konstanta cond(Con cond: bool , 1, 0 ) na liniji 7
INFO  01:15:57,229 - Deklarisan niz niz1(Var niz1: array, 1, 0 ) na liniji 8
INFO  01:15:57,229 - Deklarisan niz niz2(Var niz2: array, 2, 0 ) na liniji 9
INFO  01:15:57,229 - Obradjuje se funkcija func(Meth func: none, 0, 0 ) na liniji 11
INFO  01:15:57,229 - Obradjuje se funkcija main(Meth main: none, 0, 0 ) na liniji 15
INFO  01:15:57,229 - Koriscenje  niz1(Var niz1: array, 1, 0 ) na liniji 16
ERROR 01:15:57,229 - Greska na liniji 16 : izraz izmedju [] mora biti tipa int.
INFO  01:15:57,229 - Koriscenje  niz1(Var niz1: array, 1, 0 ) na liniji 17
ERROR 01:15:57,229 - Greska na liniji 17 : izraz izmedju [] mora biti tipa int.
INFO  01:15:57,229 - Koriscenje  niz1(Var niz1: array, 1, 0 ) na liniji 18
INFO  01:15:57,230 - ==================SEMANTICKA ANALIZA==============
INFO  01:15:57,230 - 2  methods in the program
INFO  01:15:57,230 - 1  global variables
INFO  01:15:57,230 - 2  global constants
INFO  01:15:57,230 - 2  global arrays
INFO  01:15:57,230 - 0  local variables in main
INFO  01:15:57,230 - 3  statements in main
=====================SYMBOL TABLE DUMP=========================
Type int: int, -1, -1 
Type char: char, -1, -1 
Con eol: char, 10, 0 
Con null: Class [], 0, 0 
Meth chr: char, 0, 1 
   Var i: int, 0, 1 

Meth ord: int, 0, 1 
   Var ch: char, 0, 1 

Meth len: int, 0, 1 
   Var arr: Arr of notype, 0, 1 

Type bool: bool, 0, 1 
Prog test302: notype, 0, 1 
   Var d: int, 0, 0 
   Con c: char, 97, 0 
   Con cond: bool, 1, 0 
   Var niz1: Arr of char, 1, 0 
   Var niz2: Arr of char, 2, 0 
   Meth func: notype, 0, 1 

   Meth main: notype, 0, 0 



ERROR 01:15:57,231 - Program nije semanticki ispravan!
