INFO  01:15:56,583 - Compiling source file: /home/tamarica/Documents/tamara/velika skola/8 semestar/PP1/projekat/projecat_2019_2020/MJCompiler/test/program12.mj
INFO  01:15:56,611 - #2 program
INFO  01:15:56,611 - #46 test302
INFO  01:15:56,612 - #46 int
INFO  01:15:56,612 - #46 d
INFO  01:15:56,613 - #5 ;
INFO  01:15:56,613 - #7 const
INFO  01:15:56,614 - #46 char
INFO  01:15:56,614 - #46 c
INFO  01:15:56,614 - #23 =
INFO  01:15:56,614 - #48 a
INFO  01:15:56,614 - #5 ;
INFO  01:15:56,615 - #7 const
INFO  01:15:56,615 - #46 bool
INFO  01:15:56,615 - #46 cond
INFO  01:15:56,615 - #23 =
INFO  01:15:56,615 - #49 1
INFO  01:15:56,615 - #5 ;
INFO  01:15:56,616 - #46 int
INFO  01:15:56,616 - #46 niz1
INFO  01:15:56,616 - #8 [
INFO  01:15:56,616 - #9 ]
INFO  01:15:56,616 - #5 ;
INFO  01:15:56,616 - #46 int
INFO  01:15:56,616 - #46 niz2
INFO  01:15:56,616 - #8 [
INFO  01:15:56,616 - #9 ]
INFO  01:15:56,616 - #5 ;
INFO  01:15:56,616 - #3 {
INFO  01:15:56,617 - #10 void
INFO  01:15:56,617 - #46 func
INFO  01:15:56,617 - #12 (
INFO  01:15:56,617 - #46 int
INFO  01:15:56,617 - #46 a
INFO  01:15:56,617 - #6 ,
INFO  01:15:56,618 - #46 char
INFO  01:15:56,618 - #46 c
INFO  01:15:56,618 - #11 )
INFO  01:15:56,618 - #3 {
INFO  01:15:56,618 - #4 }
INFO  01:15:56,618 - #10 void
INFO  01:15:56,619 - #46 main
INFO  01:15:56,619 - #12 (
INFO  01:15:56,619 - #11 )
INFO  01:15:56,620 - #3 {
INFO  01:15:56,620 - #46 d
INFO  01:15:56,620 - #23 =
INFO  01:15:56,620 - #46 c
INFO  01:15:56,620 - #32 +
INFO  01:15:56,621 - #46 c
INFO  01:15:56,621 - #5 ;
INFO  01:15:56,622 - #46 d
INFO  01:15:56,622 - #23 =
INFO  01:15:56,622 - #49 1
INFO  01:15:56,622 - #32 +
INFO  01:15:56,622 - #49 1
INFO  01:15:56,623 - #5 ;
INFO  01:15:56,623 - #46 d
INFO  01:15:56,623 - #23 =
INFO  01:15:56,623 - #49 1
INFO  01:15:56,623 - #32 +
INFO  01:15:56,623 - #48 d
INFO  01:15:56,623 - #5 ;
INFO  01:15:56,623 - #4 }
INFO  01:15:56,623 - #4 }
INFO  01:15:56,628 - ==================SINTAKSNO STABLO==================
INFO  01:15:56,629 - Program(
  ProgName(
   test302
  ) [ProgName]
  DeclarationListDeclaration(
    DeclarationListDeclaration(
      DeclarationListDeclaration(
        DeclarationListDeclaration(
          DeclarationListDeclaration(
            NoDeclarationList(
            ) [NoDeclarationList]
            DeclarationListVar(
              VarDeclarationV(
                VarType(
                  Type(
                   int
                  ) [Type]
                ) [VarType]
                VarDecl(
                  Ident(
                   d
                  ) [Ident]
                ) [VarDecl]
              ) [VarDeclarationV]
            ) [DeclarationListVar]
          ) [DeclarationListDeclaration]
          DeclarationListConst(
            ConstDeclarationTypeListSemi(
              VarType(
                Type(
                 char
                ) [Type]
              ) [VarType]
              ConstDecl(
                ConstDeclarationActual(
                 c
                  AssignOp(
                  ) [AssignOp]
                  CharConst(
                   a
                  ) [CharConst]
                ) [ConstDeclarationActual]
              ) [ConstDecl]
            ) [ConstDeclarationTypeListSemi]
          ) [DeclarationListConst]
        ) [DeclarationListDeclaration]
        DeclarationListConst(
          ConstDeclarationTypeListSemi(
            VarType(
              Type(
               bool
              ) [Type]
            ) [VarType]
            ConstDecl(
              ConstDeclarationActual(
               cond
                AssignOp(
                ) [AssignOp]
                BoolConst(
                 1
                ) [BoolConst]
              ) [ConstDeclarationActual]
            ) [ConstDecl]
          ) [ConstDeclarationTypeListSemi]
        ) [DeclarationListConst]
      ) [DeclarationListDeclaration]
      DeclarationListVar(
        VarDeclarationV(
          VarType(
            Type(
             int
            ) [Type]
          ) [VarType]
          VarDecl(
            IdentArray(
             niz1
            ) [IdentArray]
          ) [VarDecl]
        ) [VarDeclarationV]
      ) [DeclarationListVar]
    ) [DeclarationListDeclaration]
    DeclarationListVar(
      VarDeclarationV(
        VarType(
          Type(
           int
          ) [Type]
        ) [VarType]
        VarDecl(
          IdentArray(
           niz2
          ) [IdentArray]
        ) [VarDecl]
      ) [VarDeclarationV]
    ) [DeclarationListVar]
  ) [DeclarationListDeclaration]
  MethodDeclarationListMethod(
    MethodDeclarationListMethod(
      NoMethodDeclarationList(
      ) [NoMethodDeclarationList]
      VoidMethodDeclaration(
        MethodVoidName(
         func
        ) [MethodVoidName]
        MethodDeclarationActual(
          FormalParamsList(
            FormalParamListActual(
              FormalParamVar(
                Type(
                 int
                ) [Type]
                Ident(
                 a
                ) [Ident]
              ) [FormalParamVar]
              Type(
               char
              ) [Type]
              Ident(
               c
              ) [Ident]
            ) [FormalParamListActual]
          ) [FormalParamsList]
          NoDeclarationList(
          ) [NoDeclarationList]
          NoStatementList(
          ) [NoStatementList]
        ) [MethodDeclarationActual]
      ) [VoidMethodDeclaration]
    ) [MethodDeclarationListMethod]
    VoidMethodDeclaration(
      MethodVoidName(
       main
      ) [MethodVoidName]
      MethodDeclarationActual(
        NoFormalParamsList(
        ) [NoFormalParamsList]
        NoDeclarationList(
        ) [NoDeclarationList]
        StatementListStatement(
          StatementListStatement(
            StatementListStatement(
              NoStatementList(
              ) [NoStatementList]
              DesignatorStatementStatement(
                LeftDesignatorAssignExpression(
                  LeftSideAssignVar(
                    DesignatorOnly(
                     d
                    ) [DesignatorOnly]
                  ) [LeftSideAssignVar]
                  AssignOpEqual(
                    AssignOp(
                    ) [AssignOp]
                  ) [AssignOpEqual]
                  ExpressionAddopLeftList(
                    ExpressionTermDef(
                      OnlyTerm(
                        TermFactor(
                          FactorDesignator(
                            DesignatorOnly(
                             c
                            ) [DesignatorOnly]
                          ) [FactorDesignator]
                        ) [TermFactor]
                      ) [OnlyTerm]
                    ) [ExpressionTermDef]
                    AddOpLeftPlus(
                    ) [AddOpLeftPlus]
                    TermFactor(
                      FactorDesignator(
                        DesignatorOnly(
                         c
                        ) [DesignatorOnly]
                      ) [FactorDesignator]
                    ) [TermFactor]
                  ) [ExpressionAddopLeftList]
                ) [LeftDesignatorAssignExpression]
              ) [DesignatorStatementStatement]
            ) [StatementListStatement]
            DesignatorStatementStatement(
              LeftDesignatorAssignExpression(
                LeftSideAssignVar(
                  DesignatorOnly(
                   d
                  ) [DesignatorOnly]
                ) [LeftSideAssignVar]
                AssignOpEqual(
                  AssignOp(
                  ) [AssignOp]
                ) [AssignOpEqual]
                ExpressionAddopLeftList(
                  ExpressionTermDef(
                    OnlyTerm(
                      TermFactor(
                        FactorConst(
                          BoolConst(
                           1
                          ) [BoolConst]
                        ) [FactorConst]
                      ) [TermFactor]
                    ) [OnlyTerm]
                  ) [ExpressionTermDef]
                  AddOpLeftPlus(
                  ) [AddOpLeftPlus]
                  TermFactor(
                    FactorConst(
                      BoolConst(
                       1
                      ) [BoolConst]
                    ) [FactorConst]
                  ) [TermFactor]
                ) [ExpressionAddopLeftList]
              ) [LeftDesignatorAssignExpression]
            ) [DesignatorStatementStatement]
          ) [StatementListStatement]
          DesignatorStatementStatement(
            LeftDesignatorAssignExpression(
              LeftSideAssignVar(
                DesignatorOnly(
                 d
                ) [DesignatorOnly]
              ) [LeftSideAssignVar]
              AssignOpEqual(
                AssignOp(
                ) [AssignOp]
              ) [AssignOpEqual]
              ExpressionAddopLeftList(
                ExpressionTermDef(
                  OnlyTerm(
                    TermFactor(
                      FactorConst(
                        BoolConst(
                         1
                        ) [BoolConst]
                      ) [FactorConst]
                    ) [TermFactor]
                  ) [OnlyTerm]
                ) [ExpressionTermDef]
                AddOpLeftPlus(
                ) [AddOpLeftPlus]
                TermFactor(
                  FactorConst(
                    CharConst(
                     d
                    ) [CharConst]
                  ) [FactorConst]
                ) [TermFactor]
              ) [ExpressionAddopLeftList]
            ) [LeftDesignatorAssignExpression]
          ) [DesignatorStatementStatement]
        ) [StatementListStatement]
      ) [MethodDeclarationActual]
    ) [VoidMethodDeclaration]
  ) [MethodDeclarationListMethod]
) [Program]
INFO  01:15:56,630 - ==================SEMANTICKA OBRADA==================
INFO  01:15:56,632 - Deklarisana promenljiva d(Var d: int, 0, 0 ) na liniji 5
INFO  01:15:56,632 - Deklarisana konstanta c(Con c: char, 97, 0 ) na liniji 6
ERROR 01:15:56,640 - Tip identifikatora konstante i tip izraza koji se dodeljuje se ne poklapaju
INFO  01:15:56,640 - Deklarisana konstanta cond(Con cond: bool , 1, 0 ) na liniji 7
INFO  01:15:56,640 - Deklarisan niz niz1(Var niz1: array, 1, 0 ) na liniji 8
INFO  01:15:56,641 - Deklarisan niz niz2(Var niz2: array, 2, 0 ) na liniji 9
INFO  01:15:56,641 - Obradjuje se funkcija func(Meth func: none, 0, 0 ) na liniji 11
INFO  01:15:56,641 - Obradjuje se funkcija main(Meth main: none, 0, 0 ) na liniji 15
INFO  01:15:56,641 - Koriscenje  d(Var d: int, 0, 0 ) na liniji 16
INFO  01:15:56,641 - Koriscenje  c(Con c: char, 97, 0 ) na liniji 16
INFO  01:15:56,641 - Koriscenje  c(Con c: char, 97, 0 ) na liniji 16
ERROR 01:15:56,641 - Greska na liniji 16 : nekompatibilni tipovi u izrazu za sabiranje.
ERROR 01:15:56,641 - Greska na liniji 16 : nije moguca dodela2!
INFO  01:15:56,642 - Koriscenje  d(Var d: int, 0, 0 ) na liniji 17
ERROR 01:15:56,642 - Greska na liniji 17 : nekompatibilni tipovi u izrazu za sabiranje.
ERROR 01:15:56,642 - Greska na liniji 17 : nije moguca dodela2!
INFO  01:15:56,642 - Koriscenje  d(Var d: int, 0, 0 ) na liniji 18
ERROR 01:15:56,642 - Greska na liniji 18 : nekompatibilni tipovi u izrazu za sabiranje.
ERROR 01:15:56,642 - Greska na liniji 18 : nije moguca dodela2!
INFO  01:15:56,642 - ==================SEMANTICKA ANALIZA==============
INFO  01:15:56,643 - 2  methods in the program
INFO  01:15:56,643 - 1  global variables
INFO  01:15:56,643 - 2  global constants
INFO  01:15:56,643 - 2  global arrays
INFO  01:15:56,643 - 0  local variables in main
INFO  01:15:56,643 - 3  statements in main
=====================SYMBOL TABLE DUMP=========================
Type int: int, -1, -1 
Type char: char, -1, -1 
Con eol: char, 10, 0 
Con null: Class [], 0, 0 
Meth chr: char, 0, 1 
   Var i: int, 0, 1 

Meth ord: int, 0, 1 
   Var ch: char, 0, 1 

Meth len: int, 0, 1 
   Var arr: Arr of notype, 0, 1 

Type bool: bool, 0, 1 
Prog test302: notype, 0, 1 
   Var d: int, 0, 0 
   Con c: char, 97, 0 
   Con cond: bool, 1, 0 
   Var niz1: Arr of int, 1, 0 
   Var niz2: Arr of int, 2, 0 
   Meth func: notype, 0, 1 

   Meth main: notype, 0, 0 



ERROR 01:15:56,644 - Program nije semanticki ispravan!
